---
source: crates/review-buddy/tests/composer.rs
expression: text(& render(& mut a))
---
 review buddy  ·  demo · 4 sources · 7 changes                                                                                                             Dusk
╭ files 3 ───────────────────────╮╭ src/ui/menus.rs ───────────────────────────────────────────────────────────────────────────────────────────────────────────╮
│› · src/ui/menus.rs       +22 −1││              @@ -10,7 +10,9 @@ use crate::app::Action;                                                                     │
│  · src/ui/menubar.rs      +8 −0││›   10   10                                                                                                                 │
│  · src/ui/mod.rs          +2 −0││    11   11   pub struct Menu {                                                                                             │
│                                ││    12   12       items: Vec<MenuItem>,                                                                                     │
│                                ││         13 +     selected: usize,                                                                                          │
│                                ││         14 +     open: bool,                                                                                               │
│                                ││    13   15   }                                                                                                             │
│                                ││    14   16                                                                                                                 │
│                                ││    15   17   impl Menu {                                                                                                   │
│                                ││    16   18       pub fn new(items: Vec<MenuItem>) -> Self {                                                                │
│                                ││              @@ -34,6 +36,24 @@ impl Menu {                                                                                │
│                                ││    34   36       pub fn len(&self) -> usize {                                                                              │
│                                ││    35   37           self.items.len()                                                                                      │
│                                ││    36   38       }                                                                                                         │
│                                ││         39 +╭ Approve this change? ────────────────────────────────────────╮                                               │
│                                ││         40 +│ Approve with 1 comment                                       │                                               │
│                                ││         41 +│ Verdict: approve                                             │                                               │
│                                ││         42 +│                                                              │                                               │
│                                ││         43 +│ • menus.rs line 51 · Fewer branches this way:                │                                               │
│                                ││         44 +│                                                              │                                               │
│                                ││             │   Cancel    › Approve ‹   ⏎ choose · esc cancel              │──────────────────────────────────────────────╮│
│                                ││             ╰──────────────────────────────────────────────────────────────╯                                              ││
│                                ││              │ Should this wrap round to the first item? Most menus I use stop at the end.                                ││
│                                ││              │ ada · 20h                                                                                                  ││
│                                ││              │ I went with wrapping so a held key never gets stuck. Happy to make it configurable if you'd rather.        ││
│                                ││              ╰────────────────────────────────────────────────────────────────────────────────────────────────────────────╯│
│                                ││         45 +     }                                                                                                         │
│                                ││         46 +                                                                                                               │
│                                ││         47 +     pub fn select_prev(&mut self) {                                                                           │
│                                ││         48 +         if self.items.is_empty() {                                                                            │
│ Your review · pending ─────────││         49 +             return;                                                                                           │
│1 suggestion · 0 comments       ││         50 +         }                                                                                                     │
│0 of 3 files viewed             ││         51 +         self.selected = self.selected.checked_sub(1).unwrap_or(self.items.len() - 1);                         │
│Your verdict: not started       ││              ╭─ pending suggestion · line 51 ─────────────────────────────────────────────────────────────────────────────╮│
│a approve · c comment           ││              │ Fewer branches this way:                                                                                   ││
│x request changes               ││              │ -         self.selected = self.selected.checked_sub(1).unwrap_or(self.items.len() - 1);                    ││
╰────────────────────────────────╯╰ hunk 1 of 3 · file 1 of 3 ─────────────────────────────────────────────────────────────────────────────────────────────────╯
 j/k move  n/p hunk  ]/[ file  tab pane  c comment  a approve  o open  y copy  esc back  ? help  T theme
