---
source: crates/review-buddy/tests/composer.rs
expression: text(& render(& mut a))
---
 review buddy  ·  demo · 4 sources · 7 changes                                                                                                       Liminal HQ
╭ files 3 ───────────────────────╮╭ src/ui/menus.rs ───────────────────────────────────────────────────────────────────────────────────────────────────────────╮
│› · src/ui/menus.rs       +22 −1││              @@ -10,7 +10,9 @@ use crate::app::Action;                                                                     │
│  · src/ui/menubar.rs      +8 −0││›   10   10                                                                                                                 │
│  · src/ui/mod.rs          +2 −0││    11   11   pub struct Menu {                                                                                             │
│                                ││    12   12       items: Vec<MenuItem>,                                                                                     │
│                                ││         13 +     selected: usize,                                                                                          │
│                                ││         14 +     open: bool,                                                                                               │
│                                ││    13   15   }                                                                                                             │
│                                ││    14   16                                                                                                                 │
│                                ││    15   17   impl Menu {                                                                                                   │
│                                ││    16   18       pub fn new(items: Vec<MenuItem>) -> Self {                                                                │
│                                ││              @@ -34,6 +36,24 @@ impl Menu {                                                                                │
│                                ││    34   36       pub fn len(&self) -> usize {                                                                              │
│                                ││    35   37           self.items.len()                                                                                      │
│                                ││    36   38       }                                                                                                         │
│                                ││         39 +                                                                                                               │
│                                ││         40 +╭ Discard this comment? ───────────────────────────────────────╮                                               │
│                                ││         41 +│ Your unsent text will be lost.                               │                                               │
│                                ││         42 +│                                                              │                                               │
│                                ││         43 +│ › No, keep editing ‹    Discard     ⏎ choose · esc cancel    │                                               │
│                                ││         44 +╰──────────────────────────────────────────────────────────────╯                                               │
│                                ││              ╭─ thread · line 44 ─────────────────────────────────────────────────────────────────────────────────────────╮│
│                                ││              │ jo · 1d                                                                                                    ││
│                                ││              │ Should this wrap round to the first item? Most menus I use stop at the end.                                ││
│                                ││              │ ada · 20h                                                                                                  ││
│                                ││              │ I went with wrapping so a held key never gets stuck. Happy to make it configurable if you'd rather.        ││
│                                ││              ╰────────────────────────────────────────────────────────────────────────────────────────────────────────────╯│
│                                ││         45 +     }                                                                                                         │
│                                ││         46 +                                                                                                               │
│                                ││         47 +     pub fn select_prev(&mut self) {                                                                           │
│                                ││         48 +         if self.items.is_empty() {                                                                            │
│ Your review · pending ─────────││         49 +             return;                                                                                           │
│1 suggestion · 0 comments       ││╭ Comment · menus.rs line 10 ──────────────────────────────────────────────────────────────────────────────────────────────╮│
│0 of 3 files viewed             │││ This could return early.                                                                                                 ││
│Your verdict: not started       │││ Worth a guard?                                                                                                           ││
│a approve · c comment           │││                                                                                                                          ││
│x request changes               ││╰ ⏎ add to review · ⌃⏎ post now · ⇧⏎ newline · esc discard ────────────────────────────────────────────────────────────────╯│
╰────────────────────────────────╯╰ hunk 1 of 3 · file 1 of 3 ─────────────────────────────────────────────────────────────────────────────────────────────────╯
 ⏎ add to review  ⌃⏎ post now  ⇧⏎ newline  esc discard
