---
source: crates/review-buddy/tests/dashboard.rs
expression: text(&buffer)
---
 review buddy  ·  no sources · 0 changes                                                                                                             Liminal HQ
╭ sources ───────────────╮╭ queue ───────────────────────────────────────╮╭ detail ────────────────────────────────────────────────────────────────────────────╮
│                        ││                                              ││ ·  ·  ·                                                                            │
│                        ││                                              ││                                                                                    │
│                        ││                                              ││                                                                                    │
│                        ││                                              ││                                                                                    │
│                        ││                                              ││                                                                                    │
│                        ││                                              ││                                                                                    │
│                        ││                                              ││                                                                                    │
│                        ││                                              ││                                                                                    │
│                        ││                                              ││                                                                                    │
│                        ││                                              ││                                                                                    │
│                        ││                                              ││                                                                                    │
│                        ││                                              ││                                                                                    │
│                        ││                                              ││                                                                                    │
│                        ││                                              ││                                                                                    │
│                        ││                                              ││                                                                                    │
│                        ││                                              ││                                                                                    │
│                        ││                                              ││                                                                                    │
│         ·  ·  ·        ││                    ·  ·  ·                   ││                                                                                    │
│                        ││                                              ││                                                                                    │
│                        ││                                              ││                                                                                    │
│                        ││                                              ││                                                                                    │
│                        ││                                              ││                                                                                    │
│                        ││                                              ││                                                                                    │
│                        ││                                              ││                                                                                    │
│                        ││                                              ││                                                                                    │
│                        ││                                              ││                                                                                    │
│                        ││                                              ││                                                                                    │
│                        ││                                              ││                                                                                    │
│                        ││                                              ││                                                                                    │
│                        ││                                              ││                                                                                    │
│                        ││                                              ││                                                                                    │
│                        ││                                              ││                                                                                    │
│                        ││                                              ││                                                                                    │
│                        ││                                              ││                                                                                    │
│                        ││                                              ││                                                                                    │
│                        ││                                              ││                                                                                    │
╰────────────────────────╯╰──────────────────────────────────────────────╯╰────────────────────────────────────────────────────────────────────────────────────╯
 ⏎ diff  o open  y copy  s show filters  ? help  T theme  q quit
