---
source: crates/review-buddy/tests/diff.rs
expression: shown
---
 review buddy  ·  demo · 4 sources · 7 changes                                                                                                       Liminal HQ
 GH liminal-hq/review-buddy#214 · liminal-hq · Add a menu bar and keyboard-driven menus · ada · ada/menus → main
╭ files 1 ───────────────────────╮╭ src/big.rs ────────────────────────────────────────────────────────────────────────────────────────────────────────────────╮
│› · src/big.rs             +1 −0││  1354 1354   let value_1354 = 1354;                                                                                        │
│                                ││  1355 1355   let value_1355 = 1355;                                                                                        │
│                                ││  1356 1356   let value_1356 = 1356;                                                                                        │
│                                ││  1357 1357   let value_1357 = 1357;                                                                                        │
│                                ││  1358 1358   let value_1358 = 1358;                                                                                        │
│                                ││  1359 1359   let value_1359 = 1359;                                                                                        │
│                                ││  1360 1360   let value_1360 = 1360;                                                                                        │
│                                ││  1361 1361   let value_1361 = 1361;                                                                                        │
│                                ││  1362 1362   let value_1362 = 1362;                                                                                        │
│                                ││  1363 1363   let value_1363 = 1363;                                                                                        │
│                                ││  1364 1364   let value_1364 = 1364;                                                                                        │
│                                ││  1365 1365   let value_1365 = 1365;                                                                                        │
│                                ││  1366 1366   let value_1366 = 1366;                                                                                        │
│                                ││  1367 1367   let value_1367 = 1367;                                                                                        │
│                                ││  1368 1368   let value_1368 = 1368;                                                                                        │
│                                ││  1369 1369   let value_1369 = 1369;                                                                                        │
│                                ││  1370 1370   let value_1370 = 1370;                                                                                        │
│                                ││  1371 1371   let value_1371 = 1371;                                                                                        │
│                                ││  1372 1372   let value_1372 = 1372;                                                                                        │
│                                ││  1373 1373   let value_1373 = 1373;                                                                                        │
│                                ││  1374 1374   let value_1374 = 1374;                                                                                        │
│                                ││  1375 1375   let value_1375 = 1375;                                                                                        │
│                                ││  1376 1376   let value_1376 = 1376;                                                                                        │
│                                ││  1377 1377   let value_1377 = 1377;                                                                                        │
│                                ││  1378 1378   let value_1378 = 1378;                                                                                        │
│                                ││  1379 1379   let value_1379 = 1379;                                                                                        │
│                                ││  1380 1380   let value_1380 = 1380;                                                                                        │
│                                ││  1381 1381   let value_1381 = 1381;                                                                                        │
│                                ││  1382 1382   let value_1382 = 1382;                                                                                        │
│ Your review · pending ─────────││  1383 1383   let value_1383 = 1383;                                                                                        │
│Nothing pending yet.            ││  1384 1384   let value_1384 = 1384;                                                                                        │
│0 of 1 file viewed              ││  1385 1385   let value_1385 = 1385;                                                                                        │
│Your review: not started        ││  1386 1386   let value_1386 = 1386;                                                                                        │
│a approve · c comment           ││  1387 1387   let value_1387 = 1387;                                                                                        │
│x request changes · R review    ││› 1388 1388   let value_1388 = 1388;                                                                                        │
╰────────────────────────────────╯╰ hunk 1 of 1 · file 1 of 1 ─────────────────────────────────────────────────────────────────────────────────────────────────╯
 j/k move  n/p hunk  ← → file  tab pane  c comment  a approve  R submit a review  o open  y copy  esc back  ? help  T theme
