---
source: crates/review-buddy/tests/diff.rs
expression: shown
---
 review buddy  ·  demo · 4 sources · 7 changes                                           Liminal HQ
 GH liminal-hq/review-buddy#214 · liminal-hq · Add a menu bar and keyboard-driven menus
╭ files 3 ───────────────────────╮╭ src/ui/menus.rs ───────────────────────────────────────────────╮
│› · src/ui/menus.rs       +22 −1││         41 +         if self.items.is_empty() {                │
│  · src/ui/menubar.rs      +8 −0││         42 +             return;                               │
│  · src/ui/mod.rs          +2 −0││         43 +         }                                         │
│                                ││         44 +         self.selected = (self.selected + 1) % sel…│
│                                ││              ╭─ thread · line 44 ─────────────────────────────╮│
│                                ││              │ jo · 1d                                        ││
│                                ││              │ Should this wrap round to the first item? Most ││
│                                ││              │ menus I use stop at the end.                   ││
│                                ││              │ ada · 20h                                      ││
│                                ││              │ I went with wrapping so a held key never gets  ││
│                                ││              │ stuck. Happy to make it configurable if you'd  ││
│                                ││              │ rather.                                        ││
│                                ││              ╰────────────────────────────────────── r reply ─╯│
│                                ││         45 +     }                                             │
│                                ││         46 +                                                   │
│                                ││         47 +     pub fn select_prev(&mut self) {               │
│                                ││         48 +         if self.items.is_empty() {                │
│                                ││         49 +             return;                               │
│ Your review · pending ─────────││         50 +         }                                         │
│1 suggestion · 0 comments       ││›        51 +         self.selected = self.selected.checked_sub…│
│0 of 3 files viewed             ││              ╭─ pending suggestion · line 51 ─────────────────╮│
│Your review: not started        ││              │ Fewer branches this way:                       ││
│  menus.rs:51 Fewer branches th…││              │ -         self.selected = self.selected.check… ││
│a approve · c comment           ││              │ +         self.selected = (self.selected + se… ││
│x request changes · R review    ││              ╰────────────────────────────────────────────────╯│
╰────────────────────────────────╯╰ hunk 2 of 3 · file 1 of 3 ─────────────────────────────────────╯
 j/k move  n/p hunk  ← → file  tab pane  c comment  a approve  R submit a review  o open  y copy
