---
source: crates/review-buddy/tests/frames_v02.rs
expression: text(& render(& mut app))
---
 review buddy  ·  first run                                                          Afterglow Dark










           ╭ 4 · A little company ──────────────────────────────────────────────────────╮
           │ Jax is a small otter who keeps you company in a corner of the screen. He   │
           │ stays out of the way.                                                      │
           │                                                                            │
           │ [x] Keep Jax around  (J or space)                                          │
           │                                                                            │
           │ [ Back ]  [ Continue ⏎ ]  [ Skip for now · esc ]                           │
           ╰────────────────────────────────────────────────────────────────────────────╯










 ⏎ continue  ← → buttons  ⌫ back  space pick  esc skip for now
