---
source: crates/review-buddy/tests/frames_v02.rs
expression: plain_dump(& mut app)
---
 review buddy  ·  settings                                                                                                                           Liminal HQ
 Settings       ╭ Sources ─────────────────────────────────────────────────────────────────────────────────────────────────────────────────────────────────────╮
                │ Where your pull and merge requests come from. Changes save to your config right away.                                                        │
› Sources       │                                                                                                                                              │
                │   on     name               host                   sign-in        all scope                      token                                       │
                │ › on  GH github.com         github.com             gh             yes liminal-hq, acme, you      ✓ smorris · expires 2027-03-01              │
                │   on  GL work               gitlab.work.ca         keyring        yes platform                   ✗ Couldn't sign in to gitlab.work.ca: the…  │
                │   off GL old-lab            gitlab.old.example     env:OLD_LAB_T… yes everything you can see     · not tested                                │
                │                                                                                                                                              │
                │ github.com  ·  github.com                                                                                                                    │
                │ Signs in with your gh sign-in                                                                                                                │
                │ Covers        liminal-hq, acme, you                                                                                                          │
                │ Last check    ✓ signed in as smorris · scopes repo, read:org · expires 2027-03-01                                                            │
                │ Queue         in All · drafts left out · tag cyan                                                                                            │
                │                                                                                                                                              │
                │                                                                                                                                              │
                │                         ╭ Add a source ────────────────────────────────────────────────────────────╮                                         │
                │                         │ Found on this machine. Pick one, or add another host.                    │                                         │
                │                         │                                                                          │                                         │
                │                         │ › 1  GL  gitlab.example.org  ·  signed in with glab ‹                    │                                         │
                │                         │   2  GH  git.sr.ht  ·  found in your git config                          │                                         │
                │                         │   3  Another host…                                                       │                                         │
                │                         ╰──────────────────────────────────────────────────────────────────────────╯                                         │
                │                                                                                                                                              │
                │                                                                                                                                              │
                │                                                                                                                                              │
                │                                                                                                                                              │
                │                                                                                                                                              │
                │                                                                                                                                              │
                │                                                                                                                                              │
                │                                                                                                                                              │
                │                                                                                                                                              │
                │                                                                                                                                              │
                │                                                                                                                                              │
                │                                                                                                                                              │
                │                                                                                                                                              │
                │                                                                                                                                              │
                │                                                                                                                                              │
                ╰──────────────────────────────────────────────────────────────────────────────────────────────────────────────────────────────────────────────╯
 ⏎ choose  1-9 pick  esc cancel

-- modifiers --
0:1 B "review buddy"
0:13 D "  ·  settings"
0:148 D " Liminal HQ"
1:0 B " Settings"
1:16 D "╭"
1:17 BD " Sources"
1:26 D "─────────────────────────────────────────────────────────────────────────────────────────────────────────────────────────────────────╮"
2:16 D "│"
2:18 D "Where your pull and merge requests come from. Changes save to your config right away."
2:159 D "│"
3:0 BR "› Sources"
3:16 D "│"
3:159 D "│"
4:16 D "│"
4:18 BD "  on     name               host                   sign-in        all scope                      token"
4:159 D "│"
5:16 D "│"
5:18 BR "›"
5:20 R "on"
5:24 BR "GH"
5:26 R " github.com         github.com             gh"
5:84 DR "yes"
5:87 R ""
5:88 DR "liminal-hq, acme, you"
5:114 R " ✓ smorris · expires 2027-03-01"
5:159 D "│"
6:16 D "│"
6:18 B ""
6:24 B "GL"
6:84 D "yes"
6:88 D "platform"
6:159 D "│"
7:16 D "│"
7:18 B ""
7:20 D "off"
7:24 B "GL"
7:27 D "old-lab"
7:46 D "gitlab.old.example"
7:69 D "env:OLD_LAB_T…"
7:84 D "yes"
7:88 D "everything you can see"
7:115 D "· not tested"
7:159 D "│"
8:16 D "│"
8:159 D "│"
9:16 D "│"
9:18 B "github.com"
9:28 D "  ·  github.com"
9:159 D "│"
10:16 D "│"
10:18 D "Signs in with"
10:159 D "│"
11:16 D "│"
11:18 D "Covers"
11:159 D "│"
12:16 D "│"
12:18 D "Last check"
12:159 D "│"
13:16 D "│"
13:18 D "Queue"
13:159 D "│"
14:16 D "│"
14:159 D "│"
15:16 D "│"
15:159 D "│"
16:16 D "│"
16:42 B "╭ Add a source ────────────────────────────────────────────────────────────╮"
16:159 D "│"
17:16 D "│"
17:42 B "│"
17:44 D "Found on this machine. Pick one, or add another host."
17:117 B "│"
17:159 D "│"
18:16 D "│"
18:42 B "│"
18:117 B "│"
18:159 D "│"
19:16 D "│"
19:42 B "│"
19:44 BR "› 1  GL  gitlab.example.org  ·  signed in with glab ‹"
19:117 B "│"
19:159 D "│"
20:16 D "│"
20:42 B "│"
20:44 D "  2  GH  git.sr.ht  ·  found in your git config"
20:117 B "│"
20:159 D "│"
21:16 D "│"
21:42 B "│"
21:44 D "  3  Another host…"
21:117 B "│"
21:159 D "│"
22:16 D "│"
22:42 B "╰──────────────────────────────────────────────────────────────────────────╯"
22:159 D "│"
23:16 D "│"
23:159 D "│"
24:16 D "│"
24:159 D "│"
25:16 D "│"
25:159 D "│"
26:16 D "│"
26:159 D "│"
27:16 D "│"
27:159 D "│"
28:16 D "│"
28:159 D "│"
29:16 D "│"
29:159 D "│"
30:16 D "│"
30:159 D "│"
31:16 D "│"
31:159 D "│"
32:16 D "│"
32:159 D "│"
33:16 D "│"
33:159 D "│"
34:16 D "│"
34:159 D "│"
35:16 D "│"
35:159 D "│"
36:16 D "│"
36:159 D "│"
37:16 D "│"
37:159 D "│"
38:16 D "╰──────────────────────────────────────────────────────────────────────────────────────────────────────────────────────────────────────────────╯"
39:1 B "⏎"
39:2 D " choose"
39:11 B "1-9"
39:14 D " pick"
39:21 B "esc"
39:24 D " cancel"
