---
source: crates/review-buddy/tests/help.rs
expression: text(&render(&mut a))
---
 review buddy  ·  demo · 4 sources · 7 changes                                                 Dusk
╭ files 3 ────────────╭ Keys · Diff ─────────────────────────────────────────╮─────────────────────╮
│› · src/ui/menus.rs  │Move                                                  │app::Action;         │
│  · src/ui/menubar.rs│  j/k        move                                     │                     │
│  · src/ui/mod.rs    │  g/G        first / last line                        │                     │
│                     │  pgup/pgdn  page up / down                           │                     │
│                     │  n/p        hunk                                     │                     │
│                     │  ]/[        file                                     │                     │
│                     │  tab        pane                                     │                     │
│                     │                                                      │                     │
│                     │Review                                                │                     │
│                     │  c          comment                                  │uItem>) -> Self {    │
│                     │  r          reply to the thread                      │{                    │
│                     │  a          approve                                  │e {                  │
│                     │  x          request changes                          │                     │
│                     │                                                      │                     │
│                     │Change                                                │                     │
│                     │  o          open                                     │elf) {               │
│                     │  y          copy                                     │y() {                │
│                     │                                                      │                     │
│                     │General                                               │                     │
│                     │  esc        back                                     │.selected + 1) % sel…│
│ Your review · pendin│  q          back to the queue                        │────────────────────╮│
│1 suggestion · 0 comm│  ?          help                                     │                    ││
│0 of 3 files viewed  │  T          theme                                    │he first item? Most ││
│Your verdict: not sta│  B          background: theme / yes / no             │.                   ││
│a approve · c comment│                                                      │                    ││
│x request changes    │esc or ? to close                                     │eld key never gets  ││
╰─────────────────────╰──────────────────────────────────────────────────────╯─────────────────────╯
 j/k move  n/p hunk  ]/[ file  tab pane  c comment  a approve  o open  y copy  esc back  ? help
