---
source: crates/review-buddy/tests/help.rs
expression: text(&render(&mut a))
---
 review buddy  ·  demo · 4 sources · 7 changes                                                 Dusk
  1 ● All 7   2 ● limi╭ Keys · Queue ────────────────────────────────────────╮om 1
╭ queue ──────────────│Move                                                  │────────────────── ⟩ ╮
│  Waiting on you · 2 │  j/k  move in the focused pane                       │driven menus         │
│▌ ◐ Add a menu bar an│  g/G  first / last row                               │                     │
│▌ GH review-buddy#214│  tab  next pane                                      │ ago                 │
│  ● Raise muted text │  h/l  previous / next pane                           │                     │
│  GH review-buddy#209│  1-9  switch source                                  │  c Comment  ⏎ Diff  │
│                     │  [/]  previous / next detail tab                     │                     │
│  Worth a look · 2   │                                                      │ 6   Conversation 3  │
│  ✕ Cache pipeline st│Change                                                │──────────────────── │
│  GL flow!1182 · priy│  ⏎    diff                                           │p and a Menu type    │
│  ● Tidy zsh startup │  o    open                                           │m.                   │
│  GH dotfiles#31 · sm│  y    copy                                           │                     │
│                     │  s    show filters                                   │::select_prev move   │
│  Can wait · 1       │                                                      │                     │
│  · Clarify the insta│View                                                  │ action for the      │
│  GL notes!12 · kai ·│  p    close / reopen the detail pane                 │                     │
│                     │  S    sources: auto / left / top                     │Line, so it picks up │
│  ▸ Noise · 2 bot upd│                                                      │                     │
│                     │General                                               │                     │
│  ── That's everythin│  ?    help                                           │                     │
│  7 in this view.    │  ,    settings                                       │                     │
│                     │  T    theme                                          │                     │
│                     │  q    quit                                           │                     │
│                     │                                                      │                     │
│                     │esc or ? to close                                     │                     │
│                     ╰──────────────────────────────────────────────────────╯1 cancelled          │
╰──────────────────────────────────────────────╯╰──────────────────────────────────────────────────╯
 ⏎ diff  o open  y copy  s show filters  ? help  T theme  q quit
