---
source: crates/review-buddy/tests/help.rs
expression: text(&render(&mut a))
---
 review buddy  ·  demo · 4 sources · 7 changes                                                 Dusk
╭ files 3 ───────────────────────╮╭ src/ui/menus.rs ───────────────────────────────────────────────╮
│› · src/ui/menus.rs  ╭ Keys · Diff ─────────────────────────────────────────╮app::Action;         │
│  · src/ui/menubar.rs│Move                                                  │                     │
│  · src/ui/mod.rs    │  j/k        move                                     │                     │
│                     │  g/G        first / last line                        │                     │
│                     │  pgup/pgdn  page up / down                           │                     │
│                     │  n/p        hunk                                     │                     │
│                     │  ]/[        file                                     │                     │
│                     │  tab        pane                                     │                     │
│                     │                                                      │                     │
│                     │Review                                                │uItem>) -> Self {    │
│                     │  c          comment                                  │{                    │
│                     │  r          reply to the thread                      │e {                  │
│                     │  a          approve                                  │                     │
│                     │  x          request changes                          │                     │
│                     │                                                      │                     │
│                     │Change                                                │elf) {               │
│                     │  o          open                                     │y() {                │
│                     │  y          copy                                     │                     │
│                     │                                                      │                     │
│                     │General                                               │.selected + 1) % sel…│
│ Your review · pendin│  esc        back                                     │────────────────────╮│
│1 suggestion · 0 comm│  q          back to the queue                        │                    ││
│0 of 3 files viewed  │  ?          help                                     │he first item? Most ││
│Your verdict: not sta│  T          theme                                    │.                   ││
│a approve · c comment│  B          background: theme / yes / no             │                    ││
│x request changes    ╰ esc close ───────────────────────────────────────────╯eld key never gets  ││
╰────────────────────────────────╯╰ hunk 1 of 3 · file 1 of 3 ─────────────────────────────────────╯
 j/k move  n/p hunk  ]/[ file  tab pane  c comment  a approve  o open  y copy  esc back  ? help
