---
source: crates/review-buddy/tests/help.rs
expression: text(&render(&mut a))
---
 review buddy  ·  demo · 4 sources · 7 changes                                                                                                       Liminal HQ
╭ files 3 ───────────────────────╮╭ src/ui/menus.rs ───────────────────────────────────────────────────────────────────────────────────────────────────────────╮
│› · src/ui/menus.rs       +22 −1││              @@ -10,7 +10,9 @@ use crate::app::Action;                                                                     │
│  · src/ui/menubar.rs      +8 −0││›   10   10                                                                                                                 │
│  · src/ui/mod.rs          +2 −0││    11   11   pub struct Menu {                                                                                             │
│                                ││    12   12       items: Vec<MenuItem>,                                                                                     │
│                                ││         13 +    ╭ Keys · Diff ─────────────────────────────────────────╮                                                   │
│                                ││         14 +    │Move                                                  │                                                   │
│                                ││    13   15   }  │  j/k        move                                     │                                                   │
│                                ││    14   16      │  g/G        first / last line                        │                                                   │
│                                ││    15   17   imp│  pgup/pgdn  page up / down                           │                                                   │
│                                ││    16   18      │  n/p        hunk                                     │                                                   │
│                                ││              @@ │  ]/[        file                                     │                                                   │
│                                ││    34   36      │  tab        pane                                     │                                                   │
│                                ││    35   37      │                                                      │                                                   │
│                                ││    36   38      │Review                                                │                                                   │
│                                ││         39 +    │  c          comment                                  │                                                   │
│                                ││         40 +    │  r          reply to the thread                      │                                                   │
│                                ││         41 +    │  a          approve                                  │                                                   │
│                                ││         42 +    │  x          request changes                          │                                                   │
│                                ││         43 +    │                                                      │                                                   │
│                                ││         44 +    │Change                                                │n();                                               │
│                                ││              ╭─ │  o          open                                     │──────────────────────────────────────────────────╮│
│                                ││              │ j│  y          copy                                     │                                                  ││
│                                ││              │ S│                                                      │e stop at the end.                                ││
│                                ││              │ a│General                                               │                                                  ││
│                                ││              │ I│  esc        back                                     │y to make it configurable if you'd rather.        ││
│                                ││              ╰──│  q          back to the queue                        │──────────────────────────────────────────────────╯│
│                                ││         45 +    │  ?          help                                     │                                                   │
│                                ││         46 +    │  T          theme                                    │                                                   │
│                                ││         47 +    │                                                      │                                                   │
│                                ││         48 +    │esc or ? to close                                     │                                                   │
│ Your review · pending ─────────││         49 +    ╰──────────────────────────────────────────────────────╯                                                   │
│1 suggestion · 0 comments       ││         50 +         }                                                                                                     │
│0 of 3 files viewed             ││         51 +         self.selected = self.selected.checked_sub(1).unwrap_or(self.items.len() - 1);                         │
│Your verdict: not started       ││              ╭─ pending suggestion · line 51 ─────────────────────────────────────────────────────────────────────────────╮│
│                                ││              │ Fewer branches this way:                                                                                   ││
│                                ││              │ -         self.selected = self.selected.checked_sub(1).unwrap_or(self.items.len() - 1);                    ││
╰────────────────────────────────╯╰ hunk 1 of 3 · file 1 of 3 ─────────────────────────────────────────────────────────────────────────────────────────────────╯
 j/k move  n/p hunk  ]/[ file  tab pane  c comment  a approve  o open  y copy  esc back  ? help  T theme
