---
source: crates/review-buddy/tests/help.rs
expression: text(&render(&mut a))
---
 review buddy  ·  demo · 4 sources · 7 changes                                                                                                             Dusk
 GH liminal-hq/review-buddy#214 · liminal-hq · Add a╭ Keys · Diff ─────────────────────────────────────────╮main
╭ files 3 ───────────────────────╮╭ src/ui/menus.rs │Move                                                  │───────────────────────────────────────────────────╮
│› · src/ui/menus.rs       +22 −1││              @@ │  j/k          move                                   │                                                   │
│  · src/ui/menubar.rs      +8 −0││›   10   10      │  g/G          first / last line                      │                                                   │
│  · src/ui/mod.rs          +2 −0││    11   11   pub│  pgup/pgdn    page up / down                         │                                                   │
│                                ││    12   12      │  n/p          hunk                                   │                                                   │
│                                ││         13 +    │  ← →          file                                   │                                                   │
│                                ││         14 +    │  ]/[          file                                   │                                                   │
│                                ││    13   15   }  │  tab          pane                                   │                                                   │
│                                ││    14   16      │                                                      │                                                   │
│                                ││    15   17   imp│Select                                                │                                                   │
│                                ││    16   18      │  ⇧↑/⇧↓        select lines                           │                                                   │
│                                ││              @@ │  ⇧pgup/⇧pgdn  select a page                          │                                                   │
│                                ││    34   36      │  V            select lines with j/k, again to end    │                                                   │
│                                ││    35   37      │  drag         copy text (numbers: pick lines)        │                                                   │
│                                ││    36   38      │  2× / 3×      click: select a word / a line          │                                                   │
│                                ││         39 +    │  v            copy mode: h j k l w b, then y         │                                                   │
│                                ││         40 +    │  y            copy the selected text                 │                                                   │
│                                ││         41 +    │  Y            copy the comment or thread here        │                                                   │
│                                ││         42 +    │  esc          clear the selection                    │                                                   │
│                                ││         43 +    │                                                      │                                                   │
│                                ││         44 +    │Review                                                │n();                                               │
│                                ││              ╭─ │  c            comment                                │──────────────────────────────────────────────────╮│
│                                ││              │ j│  r            reply to the thread on this line       │                                                  ││
│                                ││              │ S│  e / ⏎        edit the pending comment on this line  │e stop at the end.                                ││
│                                ││              │ a│  d / del      delete it (asks first)                 │                                                  ││
│                                ││              │ I│  , / .        previous / next comment on this line   │y to make it configurable if you'd rather.        ││
│                                ││              ╰──│  a            approve                                │──────────────────────────────────────── r reply ─╯│
│                                ││         45 +    │  x            request changes                        │                                                   │
│                                ││         46 +    │  R            submit a review                        │                                                   │
│ Your review · pending ─────────││         47 +    │                                                      │                                                   │
│1 suggestion · 0 comments       ││         48 +    │Change                                                │                                                   │
│0 of 3 files viewed             ││         49 +    │  o            open                                   │                                                   │
│Your review: not started        ││         50 +    │  y            copy                                   │                                                   │
│  menus.rs:51 Fewer branches th…││         51 +    │                                                      │_or(self.items.len() - 1);                         │
│a approve · c comment           ││              ╭─ │View                                                  │──────────────────────────────────────────────────╮│
│x request changes · R review    ││              │ F│  t            terminal pane: open, or focus it       │                                                  ││
╰────────────────────────────────╯╰ hunk 1 of 3 · fi╰ esc close · j/k scroll · 1–36 of 46 ▼ ───────────────╯───────────────────────────────────────────────────╯
 j/k move  n/p hunk  ← → file  tab pane  c comment  a approve  R submit a review  o open  y copy  esc back  ? help  T theme
