---
source: crates/review-buddy/tests/help.rs
expression: text(&render(&mut a))
---
 review buddy  ·  demo · 4 sources · 7 changes                                                                                                       Liminal HQ
 GH liminal-hq/review-buddy#214 · liminal-hq · Add a╭ Keys · Diff ─────────────────────────────────────────╮main
╭ files 3 ───────────────────────╮╭ src/ui/menus.rs │Move                                                  │───────────────────────────────────────────────────╮
│› · src/ui/menus.rs       +22 −1││              @@ │  j/k          move                                   │                                                   │
│  · src/ui/menubar.rs      +8 −0││›   10   10      │  g/G          first / last line                      │                                                   │
│  · src/ui/mod.rs          +2 −0││    11   11   pub│  pgup/pgdn    page up / down                         │                                                   │
│                                ││    12   12      │  n/p          hunk                                   │                                                   │
│                                ││         13 +    │  ← →          file                                   │                                                   │
│                                ││         14 +    │  ]/[          file                                   │                                                   │
│                                ││    13   15   }  │  tab          pane                                   │                                                   │
│                                ││    14   16      │                                                      │                                                   │
│                                ││    15   17   imp│Select                                                │                                                   │
│                                ││    16   18      │  ⇧↑/⇧↓        select lines                           │                                                   │
│                                ││              @@ │  ⇧pgup/⇧pgdn  select a page                          │                                                   │
│                                ││    34   36      │  V            select lines with j/k, again to end    │                                                   │
│                                ││    35   37      │  esc          clear the selection                    │                                                   │
│                                ││    36   38      │                                                      │                                                   │
│                                ││         39 +    │Review                                                │                                                   │
│                                ││         40 +    │  c            comment                                │                                                   │
│                                ││         41 +    │  r            reply to the thread on this line       │                                                   │
│                                ││         42 +    │  e / ⏎        edit the pending comment on this line  │                                                   │
│                                ││         43 +    │  d / del      delete it (asks first)                 │                                                   │
│                                ││         44 +    │  , / .        previous / next comment on this line   │n();                                               │
│                                ││              ╭─ │  a            approve                                │──────────────────────────────────────────────────╮│
│                                ││              │ j│  x            request changes                        │                                                  ││
│                                ││              │ S│  R            submit a review                        │e stop at the end.                                ││
│                                ││              │ a│                                                      │                                                  ││
│                                ││              │ I│Change                                                │y to make it configurable if you'd rather.        ││
│                                ││              ╰──│  o            open                                   │──────────────────────────────────────── r reply ─╯│
│                                ││         45 +    │  y            copy                                   │                                                   │
│                                ││         46 +    │                                                      │                                                   │
│ Your review · pending ─────────││         47 +    │View                                                  │                                                   │
│1 suggestion · 0 comments       ││         48 +    │  t            terminal pane: open, or focus it       │                                                   │
│0 of 3 files viewed             ││         49 +    │  z            soft-wrap long lines: on / off         │                                                   │
│Your review: not started        ││         50 +    │                                                      │                                                   │
│  menus.rs:51 Fewer branches th…││         51 +    │General                                               │_or(self.items.len() - 1);                         │
│a approve · c comment           ││              ╭─ │  esc          back                                   │──────────────────────────────────────────────────╮│
│x request changes · R review    ││              │ F│  q            back to the queue                      │                                                  ││
╰────────────────────────────────╯╰ hunk 1 of 3 · fi╰ esc close · j/k scroll · 1–36 of 40 ▼ ───────────────╯───────────────────────────────────────────────────╯
 j/k move  n/p hunk  ← → file  tab pane  c comment  a approve  R submit a review  o open  y copy  esc back  ? help  T theme
