---
source: crates/review-buddy/tests/help.rs
expression: text(&render(&mut a))
---
 review buddy  ·  demo · 4 sources · 7 changes                                           Liminal HQ
  1 ● All 7   2 ● limi╭ Keys · Queue ────────────────────────────────────────╮om 1
╭ queue ──────────────│  =    reset that split to automatic                  │─────────────────────╮
│  Waiting on you · 2 │  W    save pane sizes to config                      │                     │
│▌ ◐ Add a menu bar an│  t    terminal pane: open, or focus it               │                  2h │
│▌ GH review-buddy#214│                                                      │ 2 open   CI running │
│  ● Raise muted text │Change                                                │                  5h │
│  GH review-buddy#209│  s /  pick projects in show filters                  │                     │
│                     │                                                      │                     │
│  Worth a look · 2   │General                                               │                     │
│  ✕ Cache pipeline st│  ?    help                                           │                  7h │
│  GL flow!1182 · priy│  ,    settings                                       │          CI failing │
│  ● Tidy zsh startup │  T    theme                                          │                  1d │
│  GH dotfiles#31 · sm│  B    background: theme / yes / no                   │ 2 open              │
│                     │  M    mouse on / off (off: terminal selects)         │                     │
╰─────────────────────│  q    quit                                           │─────────────────────╯
╭ liminal-hq/review-bu│  ⌃Z   suspend                                        │────────────────── ▼ ╮
│ Add a menu bar and k│                                                      │                     │
│ ada wants ada/menus │Queue marks                                           │                     │
│ +32 −1 · 3 files · o│  ✓N          approvals from other people             │                     │
│ a Approve  x Request│  ✕N          reviewers asking for changes            │                     │
│  Overview   Files 3 │  ○N          reviewers asked, not done yet           │                     │
│ ────────────────────│  ○           approval needed, nobody asked yet       │──────────────────── │
│ Adds a menu bar alon│  ¶N          comments on the change (¶N+: at least)  │                     │
│                     │  N open      unresolved review threads               │                     │
│ • Menu::select_next │  CI running  checks are still running                │                     │
│ • Menu::activate ret│  CI failing  a check has failed                      │                     │
│ • The bar itself is │  +N −M       lines added / removed (or N files)      │                     │
╰─────────────────────╰ esc close · j/k scroll · 28–53 of 53 ────────────────╯─────────────────────╯
 ⏎ diff  o open  y copy  s show filters  ? help  T theme  q quit
