---
source: crates/review-buddy/tests/help.rs
expression: text(&render(&mut a))
---
 review buddy  ·  demo · 4 sources · 7 changes                                                                                                             Dusk
 GH liminal-hq/review-buddy#214 · liminal-hq · Add a menu bar and keyboard-driven menus · ada · ada/menus → main
╭ files 3 ───────────────────────╮╭ src/ui/menus.rs ╭ Keys · Diff ─────────────────────────────────────────╮───────────────────────────────────────────────────╮
│› · src/ui/menus.rs       +22 −1││              @@ │Move                                                  │                                                   │
│  · src/ui/menubar.rs      +8 −0││›   10   10      │  j/k          move                                   │                                                   │
│  · src/ui/mod.rs          +2 −0││    11   11   pub│  g/G          first / last line                      │                                                   │
│                                ││    12   12      │  pgup/pgdn    page up / down                         │                                                   │
│                                ││         13 +    │  n/p          hunk                                   │                                                   │
│                                ││         14 +    │  ← →          file                                   │                                                   │
│                                ││    13   15   }  │  ]/[          file                                   │                                                   │
│                                ││    14   16      │  tab          pane                                   │                                                   │
│                                ││    15   17   imp│                                                      │                                                   │
│                                ││    16   18      │Select                                                │                                                   │
│                                ││              @@ │  ⇧↑/⇧↓        select lines                           │                                                   │
│                                ││    34   36      │  ⇧pgup/⇧pgdn  select a page                          │                                                   │
│                                ││    35   37      │  V            select lines with j/k, again to end    │                                                   │
│                                ││    36   38      │  esc          clear the selection                    │                                                   │
│                                ││         39 +    │                                                      │                                                   │
│                                ││         40 +    │Review                                                │                                                   │
│                                ││         41 +    │  c            comment                                │                                                   │
│                                ││         42 +    │  r            reply to the thread on this line       │                                                   │
│                                ││         43 +    │  a            approve                                │                                                   │
│                                ││         44 +    │  x            request changes                        │n();                                               │
│                                ││              ╭─ │  R            submit a review                        │──────────────────────────────────────────────────╮│
│                                ││              │ j│                                                      │                                                  ││
│                                ││              │ S│Change                                                │e stop at the end.                                ││
│                                ││              │ a│  o            open                                   │                                                  ││
│                                ││              │ I│  y            copy                                   │y to make it configurable if you'd rather.        ││
│                                ││              ╰──│                                                      │──────────────────────────────────────── r reply ─╯│
│                                ││         45 +    │General                                               │                                                   │
│                                ││         46 +    │  esc          back                                   │                                                   │
│                                ││         47 +    │  q            back to the queue                      │                                                   │
│ Your review · pending ─────────││         48 +    │  ?            help                                   │                                                   │
│1 suggestion · 0 comments       ││         49 +    │  T            theme                                  │                                                   │
│0 of 3 files viewed             ││         50 +    │  B            background: theme / yes / no           │                                                   │
│Your review: not started        ││         51 +    │  ⌃Z           suspend                                │_or(self.items.len() - 1);                         │
│a approve · c comment           ││              ╭─ ╰ esc close ───────────────────────────────────────────╯──────────────────────────────────────────────────╮│
│x request changes · R review    ││              │ Fewer branches this way:                                                                                   ││
╰────────────────────────────────╯╰ hunk 1 of 3 · file 1 of 3 ─────────────────────────────────────────────────────────────────────────────────────────────────╯
 j/k move  n/p hunk  ← → file  tab pane  c comment  a approve  R submit a review  o open  y copy  esc back  ? help  T theme
