---
source: crates/review-buddy/tests/help.rs
expression: text(&render(&mut a))
---
 review buddy  ·  demo · 4 sources · 7 changes                                           Liminal HQ
  1 ● All 7   2 ● limi╭ Keys · Queue ────────────────────────────────────────╮om 1
╭ queue ──────────────│Move                                                  │─────────────────────╮
│  Waiting on you · 2 │  j/k  move in the focused pane (PgUp/PgDn: detail)   │                     │
│▌ ◐ Add a menu bar an│  g/G  first / last row                               │                  2h │
│▌ GH review-buddy#214│  tab  next pane, in screen order                     │                     │
│  ● Raise muted text │  h/l  previous / next pane                           │                  5h │
│  GH review-buddy#209│  1-9  switch source                                  │                     │
│                     │  [/]  previous / next detail tab                     │                     │
│  Worth a look · 2   │                                                      │                     │
│  ✕ Cache pipeline st│Change                                                │                  7h │
│  GL flow!1182 · priy│  ⏎    diff                                           │                     │
│  ● Tidy zsh startup │  o    open                                           │                  1d │
│  GH dotfiles#31 · sm│  y    copy                                           │                     │
│                     │  s    show filters                                   │                     │
╰─────────────────────│  D    pending reviews: your saved drafts             │─────────────────────╯
╭ liminal-hq/review-bu│                                                      │────────────────── ▼ ╮
│ Add a menu bar and k│View                                                  │                     │
│ ada wants ada/menus │  p    close / reopen the detail pane                 │                     │
│ +32 −1 · 3 files · o│  S    sources: auto / left / top                     │                     │
│ a Approve  x Request│  P    rotate panes: list left → top → right → bottom │                     │
│  Overview   Files 3 │  < >  shrink / grow the focused pane (or drag a seam)│                     │
│ ────────────────────│  =    reset that split to automatic                  │──────────────────── │
│ Adds a menu bar alon│  W    save pane sizes to config                      │                     │
│                     │                                                      │                     │
│ • Menu::select_next │Change                                                │                     │
│ • Menu::activate ret│  s /  pick projects in show filters                  │                     │
│ • The bar itself is │                                                      │                     │
╰─────────────────────╰ esc close · j/k scroll · 1–26 of 33 ▼ ───────────────╯─────────────────────╯
 ⏎ diff  o open  y copy  s show filters  ? help  T theme  q quit
