---
source: crates/review-buddy/tests/help.rs
expression: text(&render(&mut a))
---
 review buddy  ·  demo · 4 sources · 7 changes                                           Liminal HQ
 GH liminal-hq/review-╭ Keys · Diff ─────────────────────────────────────────╮ven menus
╭ files 3 ────────────│Move                                                  │─────────────────────╮
│› · src/ui/menus.rs  │  j/k          move                                   │app::Action;         │
│  · src/ui/menubar.rs│  g/G          first / last line                      │                     │
│  · src/ui/mod.rs    │  pgup/pgdn    page up / down                         │                     │
│                     │  n/p          hunk                                   │                     │
│                     │  ← →          file                                   │                     │
│                     │  ]/[          file                                   │                     │
│                     │  tab          pane                                   │                     │
│                     │                                                      │                     │
│                     │Select                                                │                     │
│                     │  ⇧↑/⇧↓        select lines                           │uItem>) -> Self {    │
│                     │  ⇧pgup/⇧pgdn  select a page                          │{                    │
│                     │  V            select lines with j/k, again to end    │e {                  │
│                     │  esc          clear the selection                    │                     │
│                     │                                                      │                     │
│                     │Review                                                │                     │
│                     │  c            comment                                │elf) {               │
│                     │  r            reply to the thread on this line       │y() {                │
│                     │  a            approve                                │                     │
│                     │  x            request changes                        │                     │
│ Your review · pendin│  R            submit a review                        │.selected + 1) % sel…│
│1 suggestion · 0 comm│                                                      │────────────────────╮│
│0 of 3 files viewed  │Change                                                │                    ││
│Your review: not star│  o            open                                   │he first item? Most ││
│a approve · c comment│  y            copy                                   │.                   ││
│x request changes · R│                                                      │                    ││
╰─────────────────────╰ esc close · j/k scroll · 1–26 of 33 ▼ ───────────────╯─────────────────────╯
 j/k move  n/p hunk  ← → file  tab pane  c comment  a approve  R submit a review  o open  y copy
