---
source: crates/review-buddy/tests/help.rs
expression: text(&render(&mut a))
---
 review buddy  ·  demo · 4 sources · 7 changes                                                                                                             Dusk
╭ sources ───────────────╮╭ queue ───────────────────────────────────────╮╭ liminal-hq/review-buddy#214 ───────────────────────────────────────────────────────╮
│▌ ● All               7 ││  Waiting on you · 2                          ││ Add a menu bar and keyboard-driven menus                                           │
│    every source        ││▌ ◐ Add a menu bar and keyboard-driven me… 2h ││ ada wants ada/menus → main                                                         │
│  ● liminal-hq        3 ││▌ GH review-buddy#214 · ada · review requested││ +32 −1 · 3 files · opened 3d ago                                                   │
│    github.com          ││  ● Raise muted text contrast in the ligh… 5h ││                                                                                    │
│  ● smorris           1 ││  GH review-buddy#209 · jo · approved by you  ││ a Approve  x Request changes  c Comment  ⏎ Diff  m Merge                           │
│    github.com          ││                                              ││                                                                                    │
│  ● platform          2 ││  Worth a look · 2                            ││  Overview   Files 3   Checks 6   Conversation 3                                    │
│    gitlab.platform.ex… ││  ✕ Cache pipeline status╭ Keys · Queue ────────────────────────────────────────╮────────────────────────────────────────────────── │
│  ● gitlab.com        1 ││  GL flow!1182 · priya · │Move                                                  │d a Menu type that tracks the selected item.       │
│    gitlab.com          ││  ● Tidy zsh startup     │  j/k  move in the focused pane                       │                                                   │
│                        ││  GH dotfiles#31 · smorri│  g/G  first / last row                               │lect_prev move the highlight                       │
│                        ││                         │  tab  next pane                                      │ion for the highlighted item                       │
│                        ││  Can wait · 1           │  h/l  previous / next pane                           │, so it picks up the active theme                  │
│                        ││  · Clarify the install s│  1-9  switch source                                  │                                                   │
│                        ││  GL notes!12 · kai · app│  [/]  previous / next detail tab                     │         Checks                                    │
│                        ││                         │                                                      │         ● 2 passing  ◐ 1 running                  │
│                        ││  ▸ Noise · 2 bot updates│Change                                                │         ○ 1 neutral  ↷ 1 skipped  ⊘ 1 cancelled   │
│                        ││                         │  ⏎    diff                                           │                                                   │
│                        ││  ── That's everything.  │  o    open                                           │                                                   │
│                        ││  7 in this view.        │  y    copy                                           │                                                   │
│                        ││                         │                                                      │oin. Is the intermediate Vec doing anything for    │
│                        ││                         │General                                               │                                                   │
│                        ││                         │  ?    help                                           │                                                   │
│                        ││                         │  T    theme                                          │                                                   │
│                        ││                         │  q    quit                                           │                                                   │
│                        ││                         │                                                      │                                                   │
│                        ││                         │esc or ? to close                                     │                                                   │
│                        ││                         ╰──────────────────────────────────────────────────────╯                                                   │
│                        ││                                              ││                                                                                    │
│                        ││                                              ││                                                                                    │
│                        ││                                              ││                                                                                    │
│                        ││                                              ││                                                                                    │
│                        ││                                              ││                                                                                    │
│                        ││                                              ││                                                                                    │
│                        ││                                              ││                                                                                    │
│                        ││                                              ││                                                                                    │
╰────────────────────────╯╰──────────────────────────────────────────────╯╰────────────────────────────────────────────────────────────────────────────────────╯
 ⏎ diff  o open  y copy  ? help  T theme  q quit
