---
source: crates/review-buddy/tests/help.rs
expression: text(&render(&mut a))
---
 review buddy  ·  demo · 4 sources · 7 changes                                                                                                             Dusk
╭ sources ───────────────╮╭ queue ───────────────────────────────────────╮╭ liminal-hq/review-buddy#214 ──────────────────────────────────────────────────── ⟩ ╮
│▌ ● All               7 ││  Waiting on you · 2                          ││ Add a menu bar and keyboard-driven menus                                           │
│    every source        ││▌ ◐ Add a menu bar and keyboard-driven me… 2h ││ ada wants ada/menus → main                                                         │
│  ● liminal-hq        3 ││▌ GH review-buddy#214 · a╭ Keys · Queue ────────────────────────────────────────╮                                                   │
│    github.com          ││  ● Raise muted text cont│Move                                                  │                                                   │
│  ● smorris           1 ││  GH review-buddy#209 · j│  j/k  move in the focused pane (PgUp/PgDn: detail)   │Comment  ⏎ Diff  m Merge                           │
│    github.com          ││                         │  g/G  first / last row                               │                                                   │
│  ● platform          2 ││  Worth a look · 2       │  tab  next pane, in screen order                     │ Conversation 3                                    │
│    gitlab.platform.ex… ││  ✕ Cache pipeline status│  h/l  previous / next pane                           │────────────────────────────────────────────────── │
│  ● gitlab.com        1 ││  GL flow!1182 · priya · │  1-9  switch source                                  │d a Menu type that tracks the selected item.       │
│    gitlab.com          ││  ● Tidy zsh startup     │  [/]  previous / next detail tab                     │                                                   │
│                        ││  GH dotfiles#31 · smorri│                                                      │lect_prev move the highlight                       │
│  Show  s to change     ││                         │Change                                                │ion for the highlighted item                       │
│  [x] reviewing         ││  Can wait · 1           │  ⏎    diff                                           │, so it picks up the active theme                  │
│  [x] assigned          ││  · Clarify the install s│  o    open                                           │                                                   │
│  [x] authored          ││  GL notes!12 · kai · app│  y    copy                                           │         Checks                                    │
│  [ ] drafts            ││                         │  s    show filters                                   │         ● 2 passing  ◐ 1 running                  │
│  [ ] noise             ││  ▸ Noise · 2 bot updates│                                                      │         ○ 1 neutral  ↷ 1 skipped  ⊘ 1 cancelled   │
│                        ││                         │View                                                  │                                                   │
│                        ││  ── That's everything.  │  p    close / reopen the detail pane                 │                                                   │
│                        ││  7 in this view.        │  S    sources: auto / left / top                     │                                                   │
│                        ││                         │  P    detail: auto / right / left / top / bottom     │oin. Is the intermediate Vec doing anything for    │
│                        ││                         │                                                      │                                                   │
│                        ││                         │Change                                                │                                                   │
│                        ││                         │  s /  pick projects in show filters                  │                                                   │
│                        ││                         │                                                      │                                                   │
│                        ││                         │General                                               │                                                   │
│                        ││                         │  ?    help                                           │                                                   │
│                        ││                         │  ,    settings                                       │                                                   │
│                        ││                         │  T    theme                                          │                                                   │
│                        ││                         │  B    background: theme / yes / no                   │                                                   │
│                        ││                         │  q    quit                                           │                                                   │
│                        ││                         │                                                      │                                                   │
│                        ││                         │esc or ? to close                                     │                                                   │
│                        ││                         ╰──────────────────────────────────────────────────────╯                                                   │
│                        ││                                              ││                                                                                    │
│                        ││                                              ││                                                                                    │
╰────────────────────────╯╰──────────────────────────────────────────────╯╰────────────────────────────────────────────────────────────────────────────────────╯
 ⏎ diff  o open  y copy  s show filters  ? help  T theme  q quit
