---
source: crates/review-buddy/tests/help.rs
expression: text(&render(&mut a))
---
 review buddy  ·  demo · 4 sources · 7 changes                                                                                                       Liminal HQ
╭ sources ───────────────╮╭ queue ──────────────────╭ Keys · Queue ────────────────────────────────────────╮──────────────────────────────────────────────── ⟩ ╮
│▌ ● All               7 ││  Waiting on you · 2     │Move                                                  │en menus                                           │
│    every source        ││▌ ◐ Add a menu bar and ke│  j/k  move in the focused pane (PgUp/PgDn: detail)   │                                                   │
│  ● liminal-hq        3 ││▌ GH review-buddy#214 · a│  g/G  first / last row                               │                                                   │
│    github.com          ││  ● Raise muted text cont│  tab  next pane, in screen order                     │                                                   │
│  ● smorris           1 ││  GH review-buddy#209 · j│  h/l  previous / next pane                           │Comment  ⏎ Diff  m Merge                           │
│    github.com          ││                         │  1-9  switch source                                  │                                                   │
│  ● platform          2 ││  Worth a look · 2       │  [/]  previous / next detail tab                     │ Conversation 3                                    │
│    gitlab.platform.ex… ││  ✕ Cache pipeline status│                                                      │────────────────────────────────────────────────── │
│  ● gitlab.com        1 ││  GL flow!1182 · priya · │Change                                                │d a Menu type that tracks the selected item.       │
│    gitlab.com          ││  ● Tidy zsh startup     │  ⏎    diff                                           │                                                   │
│                        ││  GH dotfiles#31 · smorri│  o    open                                           │lect_prev move the highlight                       │
│  Show  s to change     ││                         │  y    copy                                           │ion for the highlighted item                       │
│  [x] reviewing         ││  Can wait · 1           │  i    select next image (o opens, y copies)          │, so it picks up the active theme                  │
│  [x] assigned          ││  · Clarify the install s│  s    show filters                                   │                                                   │
│  [x] authored          ││  GL notes!12 · kai · app│  D    pending reviews: your saved drafts             │         Checks                                    │
│  [ ] drafts            ││                         │                                                      │         ● 2 passing  ◐ 1 running                  │
│  [ ] noise             ││  ▸ Noise · 2 bot updates│Conversation                                          │         ○ 1 neutral  ↷ 1 skipped  ⊘ 1 cancelled   │
│                        ││                         │  n/N  next / previous thread (Conversation tab)      │                                                   │
│                        ││  ── That's everything.  │  z/Z  fold one / all threads                         │                                                   │
│                        ││  7 in this view.        │  c    reply to the thread; ⏎ jumps to its line       │                                                   │
│                        ││                         │  v    copy mode on the comments                      │oin. Is the intermediate Vec doing anything for    │
│                        ││                         │                                                      │                                                   │
│                        ││                         │View                                                  │                                                   │
│                        ││                         │  p    close / reopen the detail pane                 │                                                   │
│                        ││                         │  S    sources: auto / left / top                     │                                                   │
│                        ││                         │  P    rotate panes: list left → top → right → bottom │                                                   │
│                        ││                         │  < >  shrink / grow the focused pane (or drag a seam)│                                                   │
│                        ││                         │  =    reset that split to automatic                  │                                                   │
│                        ││                         │  W    save pane sizes to config                      │                                                   │
│                        ││                         │  t    terminal pane: open, or focus it               │                                                   │
│                        ││                         │                                                      │                                                   │
│                        ││                         │Change                                                │                                                   │
│                        ││                         │  s /  pick projects in show filters                  │                                                   │
│                        ││                         │                                                      │                                                   │
│                        ││                         │General                                               │                                                   │
│                        ││                         │  ?    help                                           │                                                   │
╰────────────────────────╯╰─────────────────────────╰ esc close · j/k scroll · 1–36 of 42 ▼ ───────────────╯───────────────────────────────────────────────────╯
 ⏎ diff  o open  y copy  s show filters  ? help  T theme  q quit
