---
source: crates/review-buddy/tests/layout_options.rs
expression: text(& render(& mut app))
---
 review buddy  ·  demo · 4 sources · 7 changes                                                 Dusk
╭ sources ───────────────╮╭ queue ─────────────────────────────────────────────────────────────────╮
│▌ ● All               7 ││  Waiting on you · 2                                                    │
│    every source        ││▌ ◐ Add a menu bar and keyboard-driven menus                         2h │
│  ● liminal-hq        3 ││▌ GH review-buddy#214 · ada · review requested                          │
│    github.com          ││  ● Raise muted text contrast in the light theme                     5h │
│  ● smorris           1 ││  GH review-buddy#209 · jo · approved by you                ✓1  ✕1      │
│    github.com          ││                                                                        │
│  ● platform          2 ││  Worth a look · 2                                                      │
│    gitlab.platform.ex… ││  ✕ Cache pipeline status lookups                                    7h │
│  ● gitlab.com        1 ││  GL flow!1182 · priya · you're mentioned                           ○1  │
│    gitlab.com          ││  ● Tidy zsh startup                                                 1d │
│                        ││  GH dotfiles#31 · smorris · yours                          ✓1      ○1  │
│  Show  s to change     ││                                                                        │
│  [x] reviewing         ││  Can wait · 1                                                          │
│  [x] assigned          │╰────────────────────────────────────────────────────────────────────────╯
│  [x] authored          │╭ liminal-hq/review-buddy#214 ──────────────────────────────────────── ▼ ╮
│  [ ] drafts            ││ Add a menu bar and keyboard-driven menus                               │
│  [ ] noise             ││ ada wants ada/menus → main                                             │
│                        ││ +32 −1 · 3 files · opened 3d ago                                       │
│                        ││ a Approve  x Request changes  c Comment  ⏎ Diff  m Merge               │
│                        ││  Overview   Files 3   Checks 6   Conversation 3                        │
│                        ││ ────────────────────────────────────────────────────────────────────── │
│                        ││ Adds a menu bar along the top and a Menu type that tracks the selected │
│                        ││ item.                                                                  │
│                        ││                                                                        │
│                        ││ • Menu::select_next and Menu::select_prev move the highlight           │
│                        ││ • Menu::activate returns the action for the highlighted item           │
╰────────────────────────╯╰────────────────────────────────────────────────────────────────────────╯
 ⏎ diff  o open  y copy  s show filters  ? help  T theme  q quit
