---
source: crates/review-buddy/tests/refresh_state.rs
expression: text(& mut app)
---
 review buddy  ·  live · 2 sources · 2 changes                                           Liminal HQ
  1 ● All 2   2 ● work 1   3 ● oss 1
╭ queue ───────────────────────────────────────────────────────────────────────────────────────────╮
│  Waiting on you · 2                                                                              │
│▌ ● Add retry to sync                                                                          1h │
│▌ GH web#1 · mira · review requested                                                              │
│  ● Fix the flaky upload test                                                                  1h │
│  GH web#2 · mira · review requested                                                              │
│                                                                                                  │
│  ── That's everything.                                                                           │
│  2 in this view.                                                                                 │
│                                                                                                  │
│                                                                                                  │
│                                                                                                  │
│                                                                                                  │
╰──────────────────────────────────────────────────────────────────────────────────────────────────╯
╭ acme/web#1 ─────────────────────────────────────────────────────────────────────────────────── ▼ ╮
│ Add retry to sync                                                                                │
│ mira wants feat → main                                                                           │
│ +4 −2 · 1 file · opened 2h ago                                                                   │
│ a Approve  x Request changes  c Comment  ⏎ Diff  m Merge                                         │
│  Overview   Files 1   Checks   Conversation                                                      │
│ ──────────────────────────────────────────────────────────────────────────────────────────────── │
│ github.com is rate limiting requests.                                                            │
│ The limit resets in about 16 minutes. Press r to try again then.                                 │
│                                     ╭──────────────────────────────────────────────────────────╮ │
│                                     │! work: github.com is rate limiting requests. The limit…  │ │
│                                     ╰──────────────────────────────────────────────────────────╯ │
╰──────────────────────────────────────────────────────────────────────────────────────────────────╯
 ⏎ diff  o open  y copy  s show filters  ? help  T theme  q quit                    refreshed 10:42
