---
source: crates/review-buddy/tests/render.rs
expression: text(&buffer)
---
 review buddy  ·  no sources · 0 changes                                                       Dusk

╭ queue ───────────────────────────────────────╮╭ detail ──────────────────────────────────────────╮
│                                              ││ Pick a change to read it here.                   │
│                                              ││                                                  │
│                                              ││                                                  │
│                                              ││                                                  │
│                                              ││                                                  │
│                                              ││                                                  │
│                                              ││                                                  │
│                                              ││                                                  │
│                                              ││                                                  │
│                                              ││                                                  │
│                                              ││                                                  │
│            Nothing connected yet.            ││                                                  │
│          Run `review-buddy --setup`,         ││                                                  │
│         or see docs/configuration.md.        ││                                                  │
│                                              ││                                                  │
│                                              ││                                                  │
│                                              ││                                                  │
│                                              ││                                                  │
│                                              ││                                                  │
│                                              ││                       ╭────────────────────────╮ │
│                                              ││                       │✓ Approved spindle#214  │ │
│                                              ││                       ╰────────────────────────╯ │
│                                     ╭──────────────────────────────────────────────────────────╮ │
│                                     │! Couldn't reach gitlab.work.ca (timed out). Showing ca…  │ │
│                                     ╰──────────────────────────────────────────────────────────╯ │
╰──────────────────────────────────────────────╯╰──────────────────────────────────────────────────╯
 ⏎ diff  o open  y copy  ? help  T theme  q quit                                      · Theme: Dusk
