---
source: crates/review-buddy/tests/render.rs
expression: text(&buffer)
---
 review buddy  ·  no sources · 0 changes                                                 Liminal HQ

╭ queue ───────────────────────────────────────╮╭ detail ──────────────────────────────────────────╮
│                                              ││ Pick a change to read it here.                   │
│                                              ││                                                  │
│                                              ││                                                  │
│                                              ││                                                  │
│                                              ││                                                  │
│                                              ││                                                  │
│                                              ││                                                  │
│                                              ││                                                  │
│                                              ││                                                  │
│                                              ││                                                  │
│                                              ││                                                  │
│            Nothing connected yet.            ││                                                  │
│       Press , to add GitHub or GitLab.       ││                                                  │
│                                              ││                                                  │
│                                              ││                                                  │
│                                              ││                                                  │
│                                              ││                                                  │
│                                              ││                                                  │
│                                              ││                                                  │
│                                              ││                                                  │
│                                              ││                                                  │
│                                              ││                                                  │
│                                              ││                                                  │
│                                              ││                                                  │
│                                              ││                                                  │
╰──────────────────────────────────────────────╯╰──────────────────────────────────────────────────╯
 ⏎ diff  T theme  q quit
