---
source: crates/review-buddy/tests/render.rs
expression: text(&buffer)
---
 review buddy  ·  no sources · 0 changes                                                       Dusk

╭ queue ───────────────────────────────────────────────────────────────────────────────────────────╮
│                                                                                                  │
│                                                                                                  │
│                                                                                                  │
│                                                                                                  │
│                                      Nothing connected yet.                                      │
│                                    Run `review-buddy --setup`,                                   │
│                                   or see docs/configuration.md.                                  │
│                                                                                                  │
│                                                                                                  │
│                                                                                                  │
│                                                                                                  │
│                                                                                                  │
╰──────────────────────────────────────────────────────────────────────────────────────────────────╯
╭ detail ─────────────────────────────────────────────────────────────────────────────────────── ▼ ╮
│ Pick a change to read it here.                                                                   │
│                                                                                                  │
│                                                                                                  │
│                                                                                                  │
│                                                                                                  │
│                                                                       ╭────────────────────────╮ │
│                                                                       │✓ Approved spindle#214  │ │
│                                                                       ╰────────────────────────╯ │
│                                     ╭──────────────────────────────────────────────────────────╮ │
│                                     │! Couldn't reach gitlab.work.ca (timed out). Showing ca…  │ │
│                                     ╰──────────────────────────────────────────────────────────╯ │
╰──────────────────────────────────────────────────────────────────────────────────────────────────╯
 ⏎ diff  o open  y copy  s show filters  ? help  T theme  q quit                      · Theme: Dusk
